---
source: src/commands/import.rs
expression: table
---
┌──────────┬──────┬─────────┬──────────┬────────┬────────────┐
│ ID       ┆ TYPE ┆ STATUS  ┆ PROGRESS ┆ ITEMS  ┆ CREATED    │
╞══════════╪══════╪═════════╪══════════╪════════╪════════════╡
│ 550e8400 ┆ full ┆ running ┆ 42.5%    ┆ 42/100 ┆ 2026-07-08 │
└──────────┴──────┴─────────┴──────────┴────────┴────────────┘
